// Jest Snapshot v1, https://goo.gl/fbAQLP

exports[`NewsPlaceholder.vue should render without errors and match snapshot renders correctly 1`] = `
<li
  class="news-placeholder"
  data-cy="news-placeholder"
>
  <div
    class="news-placeholder__image"
  />
  <div
    class="news-placeholder__content"
  >
    <div
      class="news-placeholder__header"
    />
    <div
      class="news-placeholder__subheader"
    >
      <div
        class="news-placeholder__section-name"
      />
      <div
        class="news-placeholder__section-name"
      />
    </div>
    <div
      class="news-placeholder__main"
    >
      <div
        class="news-placeholder__details"
      />
    </div>
    <div
      class="news-placeholder__footer"
    />
  </div>
</li>
`;
